// Jest Snapshot v1, https://jestjs.io/docs/snapshot-testing

exports[`Get products integration test Normal case Should return correct product 1 1`] = `
{
  "barcode": 123456,
  "id": 20002,
  "name": "get products test 1",
  "price": 100000,
  "unit": "PIECE",
}
`;

exports[`Get products integration test Normal case Should return correct product 2 1`] = `
{
  "barcode": 234567,
  "id": 20003,
  "name": "get products test 2",
  "price": 100000,
  "unit": "PIECE",
}
`;
